[preview.colorlib.com/theme/coffeeblend/index.html]
[backblue.gif]
[fade.gif]
[index.html]
[preview.colorlib.com/theme/coffeeblend/css/open-iconic-bootstrap.min.css]
[preview.colorlib.com/theme/coffeeblend/css/animate.css]
[preview.colorlib.com/theme/coffeeblend/css/owl.carousel.min.css]
[preview.colorlib.com/theme/coffeeblend/css/owl.theme.default.min.css]
[preview.colorlib.com/theme/coffeeblend/css/magnific-popup.css]
[preview.colorlib.com/theme/coffeeblend/css/aos.css]
[preview.colorlib.com/theme/coffeeblend/css/ionicons.min.css]
[preview.colorlib.com/theme/coffeeblend/css/bootstrap-datepicker.css]
[preview.colorlib.com/theme/coffeeblend/css/jquery.timepicker.css]
[preview.colorlib.com/theme/coffeeblend/css/flaticon.css]
[preview.colorlib.com/theme/coffeeblend/css/icomoon.css]
[preview.colorlib.com/theme/coffeeblend/css/style.css]
[preview.colorlib.com/theme/coffeeblend/index-2.html]
[preview.colorlib.com/theme/coffeeblend/menu.html]
[preview.colorlib.com/theme/coffeeblend/services.html]
[preview.colorlib.com/theme/coffeeblend/blog.html]
[preview.colorlib.com/theme/coffeeblend/about.html]
[preview.colorlib.com/theme/coffeeblend/room.html]
[preview.colorlib.com/theme/coffeeblend/shop.html]
[preview.colorlib.com/theme/coffeeblend/product-single.html]
[preview.colorlib.com/theme/coffeeblend/checkout.html]
[preview.colorlib.com/theme/coffeeblend/contact.html]
[preview.colorlib.com/theme/coffeeblend/cart.html]
[preview.colorlib.com/theme/coffeeblend/images/bg_1.jpg]
[preview.colorlib.com/theme/coffeeblend/images/bg_2.jpg]
[preview.colorlib.com/theme/coffeeblend/images/bg_3.jpg]
[preview.colorlib.com/theme/coffeeblend/images/about.jpg]
[preview.colorlib.com/theme/coffeeblend/images/menu-1.jpg]
[preview.colorlib.com/theme/coffeeblend/images/menu-2.jpg]
[preview.colorlib.com/theme/coffeeblend/images/menu-3.jpg]
[preview.colorlib.com/theme/coffeeblend/images/menu-4.jpg]
[preview.colorlib.com/theme/coffeeblend/gallery.html]
[preview.colorlib.com/theme/coffeeblend/images/gallery-1.jpg]
[preview.colorlib.com/theme/coffeeblend/images/gallery-2.jpg]
[preview.colorlib.com/theme/coffeeblend/images/gallery-3.jpg]
[preview.colorlib.com/theme/coffeeblend/images/gallery-4.jpg]
[preview.colorlib.com/theme/coffeeblend/images/dish-1.jpg]
[preview.colorlib.com/theme/coffeeblend/images/dish-2.jpg]
[preview.colorlib.com/theme/coffeeblend/images/dish-3.jpg]
[preview.colorlib.com/theme/coffeeblend/images/drink-1.jpg]
[preview.colorlib.com/theme/coffeeblend/images/drink-2.jpg]
[preview.colorlib.com/theme/coffeeblend/images/drink-3.jpg]
[preview.colorlib.com/theme/coffeeblend/images/dessert-1.jpg]
[preview.colorlib.com/theme/coffeeblend/images/dessert-2.jpg]
[preview.colorlib.com/theme/coffeeblend/images/dessert-3.jpg]
[preview.colorlib.com/theme/coffeeblend/images/person_1.jpg]
[preview.colorlib.com/theme/coffeeblend/images/person_2.jpg]
[preview.colorlib.com/theme/coffeeblend/images/person_3.jpg]
[preview.colorlib.com/theme/coffeeblend/blog-single.html]
[preview.colorlib.com/theme/coffeeblend/images/image_1.jpg]
[preview.colorlib.com/theme/coffeeblend/images/image_2.jpg]
[preview.colorlib.com/theme/coffeeblend/images/image_3.jpg]
[preview.colorlib.com/cdn-cgi/scripts/5c5dd728/cloudflare-static/email-decode.min.js]
[preview.colorlib.com/theme/coffeeblend/js/jquery.min.js]
[preview.colorlib.com/theme/coffeeblend/js/jquery-migrate-3.0.1.min.js]
[preview.colorlib.com/theme/coffeeblend/js/popper.min.js]
[preview.colorlib.com/theme/coffeeblend/js/bootstrap.min.js]
[preview.colorlib.com/theme/coffeeblend/js/jquery.easing.1.3.js]
[preview.colorlib.com/theme/coffeeblend/js/jquery.waypoints.min.js]
[preview.colorlib.com/theme/coffeeblend/js/jquery.stellar.min.js]
[preview.colorlib.com/theme/coffeeblend/js/owl.carousel.min.js]
[preview.colorlib.com/theme/coffeeblend/js/jquery.magnific-popup.min.js]
[preview.colorlib.com/theme/coffeeblend/js/aos.js]
[preview.colorlib.com/theme/coffeeblend/js/jquery.animateNumber.min.js]
[preview.colorlib.com/theme/coffeeblend/js/bootstrap-datepicker.js]
[preview.colorlib.com/theme/coffeeblend/js/jquery.timepicker.min.js]
[preview.colorlib.com/theme/coffeeblend/js/scrollax.min.js]
[preview.colorlib.com/theme/coffeeblend/js/google-map.js]
[preview.colorlib.com/theme/coffeeblend/js/main.js]
[preview.colorlib.com/theme/coffeeblend/index.html]
[preview.colorlib.com/theme/coffeeblend/fonts/open-iconic/open-iconic.eot]
[preview.colorlib.com/theme/coffeeblend/fonts/open-iconic/open-iconicd41d.eot]
[preview.colorlib.com/theme/coffeeblend/fonts/open-iconic/open-iconic.woff]
[preview.colorlib.com/theme/coffeeblend/fonts/open-iconic/open-iconic.ttf]
[preview.colorlib.com/theme/coffeeblend/fonts/open-iconic/open-iconic.otf]
[preview.colorlib.com/theme/coffeeblend/css/open-iconic-bootstrap.min.css]
[preview.colorlib.com/theme/coffeeblend/css/animate.css]
[preview.colorlib.com/theme/coffeeblend/fonts/open-iconic/open-iconic.svg]
[preview.colorlib.com/theme/coffeeblend/css/owl.video.play.png]
[preview.colorlib.com/theme/coffeeblend/css/owl.carousel.min.css]
[preview.colorlib.com/theme/coffeeblend/css/owl.theme.default.min.css]
[preview.colorlib.com/theme/coffeeblend/css/magnific-popup.css]
[preview.colorlib.com/theme/coffeeblend/css/aos.css]
[preview.colorlib.com/theme/coffeeblend/fonts/ionicons/fonts/ionicons580c.woff2]
[preview.colorlib.com/theme/coffeeblend/fonts/ionicons/fonts/ionicons580c.eot]
[preview.colorlib.com/theme/coffeeblend/fonts/ionicons/fonts/ionicons580c.woff]
[preview.colorlib.com/theme/coffeeblend/css/ionicons.min.css]
[preview.colorlib.com/theme/coffeeblend/css/bootstrap-datepicker.css]
[preview.colorlib.com/theme/coffeeblend/css/jquery.timepicker.css]
[preview.colorlib.com/theme/coffeeblend/fonts/ionicons/fonts/ionicons580c.ttf]
[preview.colorlib.com/theme/coffeeblend/fonts/flaticon/font/Flaticon.eot]
[preview.colorlib.com/theme/coffeeblend/fonts/ionicons/fonts/ionicons580c.svg]
[preview.colorlib.com/theme/coffeeblend/fonts/flaticon/font/Flaticond41d.eot]
[preview.colorlib.com/theme/coffeeblend/fonts/flaticon/font/Flaticon.woff]
[preview.colorlib.com/theme/coffeeblend/fonts/flaticon/font/Flaticon.ttf]
[preview.colorlib.com/theme/coffeeblend/css/flaticon.css]
[preview.colorlib.com/theme/coffeeblend/fonts/flaticon/font/Flaticon.svg]
[preview.colorlib.com/theme/coffeeblend/fonts/icomoon/icomoonccfb.eot]
[preview.colorlib.com/theme/coffeeblend/fonts/icomoon/icomoonccfb.woff]
[preview.colorlib.com/theme/coffeeblend/fonts/icomoon/icomoonccfb.ttf]
[preview.colorlib.com/theme/coffeeblend/css/icomoon.css]
[preview.colorlib.com/theme/coffeeblend/images/bg_4.jpg]
[preview.colorlib.com/theme/coffeeblend/css/style.css]
[preview.colorlib.com/cdn-cgi/zaraz/sd0d9.js]
[preview.colorlib.com/theme/coffeeblend/index-2.html]
[preview.colorlib.com/theme/coffeeblend/images/dish-4.jpg]
[preview.colorlib.com/theme/coffeeblend/fonts/icomoon/icomoonccfb.svg]
[preview.colorlib.com/theme/coffeeblend/images/dish-5.jpg]
[preview.colorlib.com/theme/coffeeblend/images/dish-6.jpg]
[preview.colorlib.com/theme/coffeeblend/images/dish-7.jpg]
[preview.colorlib.com/theme/coffeeblend/images/dish-8.jpg]
[preview.colorlib.com/theme/coffeeblend/images/dessert-4.jpg]
[preview.colorlib.com/theme/coffeeblend/images/drink-5.jpg]
[preview.colorlib.com/theme/coffeeblend/images/drink-6.jpg]
[preview.colorlib.com/theme/coffeeblend/images/drink-7.jpg]
[preview.colorlib.com/theme/coffeeblend/images/drink-8.jpg]
[preview.colorlib.com/theme/coffeeblend/images/drink-4.jpg]
[preview.colorlib.com/theme/coffeeblend/images/dessert-5.jpg]
[preview.colorlib.com/theme/coffeeblend/images/dessert-6.jpg]
[preview.colorlib.com/theme/coffeeblend/menu.html]
[preview.colorlib.com/theme/coffeeblend/services.html]
[preview.colorlib.com/theme/coffeeblend/images/image_4.jpg]
[preview.colorlib.com/theme/coffeeblend/images/image_5.jpg]
[preview.colorlib.com/theme/coffeeblend/images/image_6.jpg]
[preview.colorlib.com/theme/coffeeblend/blog.html]
[preview.colorlib.com/theme/coffeeblend/about.html]
[preview.colorlib.com/theme/coffeeblend/room.html]
[preview.colorlib.com/theme/coffeeblend/shop.html]
[preview.colorlib.com/theme/coffeeblend/product-single.html]
[preview.colorlib.com/theme/coffeeblend/checkout.html]
[preview.colorlib.com/theme/coffeeblend/contact.html]
[preview.colorlib.com/theme/coffeeblend/cart.html]
[preview.colorlib.com/theme/coffeeblend/gallery.html]
[preview.colorlib.com/theme/coffeeblend/images/person_1.html]
[preview.colorlib.com/theme/coffeeblend/images/person_4.jpg]
[preview.colorlib.com/theme/coffeeblend/blog-single.html]
[preview.colorlib.com/theme/coffeeblend/fonts/open-iconic/open-iconic.svg]
[preview.colorlib.com/theme/coffeeblend/css/owl.video.play.html]
[preview.colorlib.com/theme/coffeeblend/fonts/ionicons/fonts/ionicons580c.svg]
[preview.colorlib.com/theme/coffeeblend/fonts/flaticon/font/Flaticon.svg]
[preview.colorlib.com/theme/coffeeblend/fonts/icomoon/icomoonccfb.svg]
